src/components/ErrorBoundary.tsx(1,8): error TS6133: 'React' is declared but its value is never read.
src/components/Quotation/components/BillingDetailsCard.tsx(22,52): error TS6133: 'quotationDetails' is declared but its value is never read.
src/components/Quotation/components/BillingDetailsCard.tsx(22,87): error TS6133: 'onUpdateQuotation' is declared but its value is never read.
src/components/Quotation/components/PrintPage.tsx(3,1): error TS6133: 'getUnitPageCount' is declared but its value is never read.
src/components/Quotation/components/QuotationDetailsCard.tsx(124,19): error TS2322: Type '{ children: Element; fieldKey: string; remoteUsers: Record<string, RemoteUser>; onFocus: () => void; onBlur: () => void; style: { flex: number; }; }' is not assignable to type 'IntrinsicAttributes & Props'.
  Property 'style' does not exist on type 'IntrinsicAttributes & Props'.
src/components/Quotation/QuotationEntryModal.tsx(1,8): error TS6133: 'React' is declared but its value is never read.
src/components/TitleBar.tsx(90,9): error TS6133: 'location' is declared but its value is never read.
src/components/TitleBar.tsx(91,9): error TS6133: 'navigate' is declared but its value is never read.
src/hooks/quotation/useInvoiceState.ts(1,44): error TS6133: 'useRef' is declared but its value is never read.
src/pages/Designers.tsx(89,37): error TS6133: 'id' is declared but its value is never read.
src/pages/Designers/DesignersSidebar.tsx(1,1): error TS6133: 'React' is declared but its value is never read.
src/pages/PurchasedParts/ResultsContent.tsx(1,36): error TS6133: 'useEffect' is declared but its value is never read.
src/pages/PurchasedParts/ResultsContent.tsx(8,10): error TS6133: 'Skeleton' is declared but its value is never read.
src/pages/PurchasedParts/ResultsContent.tsx(9,1): error TS6133: 'LibrarianPane' is declared but its value is never read.
src/pages/PurchasedParts/usePartsSearch.ts(1,44): error TS6133: 'useRef' is declared but its value is never read.
